[
  {
    "id": "A-G1.040-C2",
    "n": 10,
    "R4P50": null,
    "R4P90": null,
    "reached": 0,
    "burst": [
      7.5,
      4.25,
      4.0,
      5.75
    ],
    "lateR3": 8.0,
    "fail": [
      90.0,
      100.0,
      100.0,
      100.0
    ]
  },
  {
    "id": "A-G1.040-C3",
    "n": 10,
    "R4P50": null,
    "R4P90": null,
    "reached": 0,
    "burst": [
      7.25,
      4.5,
      4.25,
      6.0
    ],
    "lateR3": 8.5,
    "fail": [
      90.0,
      100.0,
      100.0,
      100.0
    ]
  },
  {
    "id": "A-G1.040-C3",
    "n": 30,
    "R4P50": null,
    "R4P90": null,
    "reached": 0,
    "burst": [
      7.25,
      4.25,
      4.0,
      6.0
    ],
    "lateR3": 8.75,
    "fail": [
      93.33333333333333,
      100.0,
      100.0,
      100.0
    ]
  },
  {
    "id": "A-G1.042-C2",
    "n": 10,
    "R4P50": null,
    "R4P90": null,
    "reached": 0,
    "burst": [
      8.0,
      4.75,
      4.5,
      5.75
    ],
    "lateR3": 7.0,
    "fail": [
      100.0,
      100.0,
      100.0,
      80.0
    ]
  },
  {
    "id": "A-G1.042-C3",
    "n": 10,
    "R4P50": null,
    "R4P90": null,
    "reached": 0,
    "burst": [
      7.5,
      4.5,
      4.25,
      6.5
    ],
    "lateR3": 9.75,
    "fail": [
      100.0,
      90.0,
      100.0,
      100.0
    ]
  },
  {
    "id": "A-G1.042-C3",
    "n": 30,
    "R4P50": null,
    "R4P90": null,
    "reached": 0,
    "burst": [
      7.5,
      4.5,
      4.25,
      6.5
    ],
    "lateR3": 9.75,
    "fail": [
      100.0,
      93.33333333333333,
      100.0,
      100.0
    ]
  },
  {
    "id": "A-G1.045-C2",
    "n": 10,
    "R4P50": null,
    "R4P90": null,
    "reached": 0,
    "burst": [
      8.0,
      4.5,
      4.5,
      6.5
    ],
    "lateR3": 8.25,
    "fail": [
      100.0,
      100.0,
      100.0,
      57.142857142857146
    ]
  },
  {
    "id": "A-G1.045-C3",
    "n": 10,
    "R4P50": null,
    "R4P90": null,
    "reached": 0,
    "burst": [
      8.0,
      4.5,
      4.5,
      6.5
    ],
    "lateR3": 9.75,
    "fail": [
      100.0,
      100.0,
      100.0,
      88.88888888888889
    ]
  },
  {
    "id": "A-G1.045-C3",
    "n": 30,
    "R4P50": null,
    "R4P90": null,
    "reached": 0,
    "burst": [
      7.75,
      4.5,
      4.5,
      6.75
    ],
    "lateR3": 9.5,
    "fail": [
      100.0,
      100.0,
      100.0,
      89.28571428571429
    ]
  },
  {
    "id": "B-G1.040-C2",
    "n": 10,
    "R4P50": null,
    "R4P90": null,
    "reached": 0,
    "burst": [
      7.5,
      4.25,
      4.0,
      6.25
    ],
    "lateR3": 8.125,
    "fail": [
      90.0,
      100.0,
      100.0,
      66.66666666666667
    ]
  },
  {
    "id": "B-G1.040-C3",
    "n": 10,
    "R4P50": null,
    "R4P90": null,
    "reached": 0,
    "burst": [
      7.25,
      4.5,
      4.25,
      6.5
    ],
    "lateR3": 9.0,
    "fail": [
      90.0,
      100.0,
      100.0,
      100.0
    ]
  },
  {
    "id": "B-G1.042-C2",
    "n": 10,
    "R4P50": null,
    "R4P90": null,
    "reached": 0,
    "burst": [
      8.0,
      4.75,
      4.5,
      6.0
    ],
    "lateR3": 7.75,
    "fail": [
      100.0,
      100.0,
      100.0,
      0.0
    ]
  },
  {
    "id": "B-G1.042-C3",
    "n": 10,
    "R4P50": null,
    "R4P90": null,
    "reached": 0,
    "burst": [
      7.5,
      4.5,
      4.25,
      6.75
    ],
    "lateR3": 9.75,
    "fail": [
      100.0,
      90.0,
      100.0,
      66.66666666666667
    ]
  },
  {
    "id": "B-G1.045-C2",
    "n": 10,
    "R4P50": null,
    "R4P90": null,
    "reached": 0,
    "burst": [
      8.0,
      4.5,
      4.75,
      6.25
    ],
    "lateR3": 8.25,
    "fail": [
      100.0,
      100.0,
      100.0,
      null
    ]
  },
  {
    "id": "B-G1.045-C3",
    "n": 10,
    "R4P50": null,
    "R4P90": null,
    "reached": 0,
    "burst": [
      8.0,
      4.5,
      5.0,
      7.0
    ],
    "lateR3": 10.0,
    "fail": [
      100.0,
      100.0,
      100.0,
      0.0
    ]
  }
]
