A-G1.040-C2 42 [ 0, 722.8496115295, 1387.2084230983, 2160.0735719113, null ]
A-G1.040-C2 7961 [ 0, 726.4062665374, 1508.9690187685, 2271.5657289577, null ]
A-G1.040-C2 15880 [ 0, 1071.8030932154, 1633.652096939, 2733.4864448731, null ]
A-G1.040-C2 23799 [ 0, 489.4066542503, 1300.4892762546, 2060.6328299313, null ]
A-G1.040-C2 31718 [ 0, 1072.9272893887, 1744.9018080741, 2520.9205692727, null ]
A-G1.040-C2 39637 [ 0, 831.4473029828, 1737.8114508508, 2627.199118243, null ]
A-G1.040-C2 47556 [ 0, 827.1659919075, 1273.986385211, 2064.3364100215, null ]
A-G1.040-C2 55475 [ 0, 969.1352171511, 1976.5092616343, 2873.3382246532, null ]
A-G1.040-C2 63394 [ 0, 829.559212727, 1725.0887230941, 2629.7633038006, null ]
A-G1.040-C2 71313 [ 0, 719.730213199, 1841.8280039181, 2610.7183999309, null ]
A-G1.040-C3 42 [ 0, 834.0827158051, 1393.2416698445, 2385.5452813429, null ]
A-G1.040-C3 7961 [ 0, 837.804352439, 1621.3869308433, 2276.5301602175, null ]
A-G1.040-C3 15880 [ 0, 1078.3496812337, 1731.0900356365, 2285.1886304031, null ]
A-G1.040-C3 23799 [ 0, 489.4066542503, 1186.4336440707, 1841.2800379196, null ]
A-G1.040-C3 31718 [ 0, 1063.3964402517, 1620.5196810157, 2267.8889321985, null ]
A-G1.040-C3 39637 [ 0, 711.3490157627, 1366.3486486148, 2239.448718946, null ]
A-G1.040-C3 47556 [ 0, 705.7615390393, 1473.678945552, 2017.0230201412, null ]
A-G1.040-C3 55475 [ 0, 836.5487779368, 1402.2848600755, 2062.854860999, null ]
A-G1.040-C3 63394 [ 0, 710.5295957953, 1737.6294994413, 2732.7537558606, null ]
A-G1.040-C3 71313 [ 0, 828.4385465323, 1497.860942141, 2148.9719624403, null ]
A-G1.042-C2 42 [ 0, 717.0433286666, 1387.7066229888, 2371.9942494683, null ]
A-G1.042-C2 7961 [ 0, 949.5848980934, 1732.7890099338, 2843.7943401846, null ]
A-G1.042-C2 15880 [ 0, 949.0868026965, 1957.2841052823, 2731.4242410047, null ]
A-G1.042-C2 23799 [ 0, 957.5005895408, 1762.8280785476, 2756.1946392936, null ]
A-G1.042-C2 31718 [ 0, 951.7340382818, 1501.2768920179, 2272.7371550685, null ]
A-G1.042-C2 39637 [ 0, 938.6550599226, 1504.0587473489, 2402.2830594213, null ]
A-G1.042-C2 47556 [ 0, 1047.4404572308, 1609.1008906746, 2700.7650419456, null ]
A-G1.042-C2 55475 [ 0, 954.8164125941, 1858.7801379211, 2732.2321833603, null ]
A-G1.042-C2 63394 [ 0, 605.7577821293, 1605.7826197478, 2478.8727438969, null ]
A-G1.042-C2 71313 [ 0, 950.2285206743, 1942.0114838103, 2622.0032318748, null ]
A-G1.042-C3 42 [ 0, 825.3178384705, 1589.1961047912, 2265.6876035535, null ]
A-G1.042-C3 7961 [ 0, 835.0142375793, 1511.574063759, 2078.1180328716, null ]
A-G1.042-C3 15880 [ 0, 831.7360363032, 1402.0572633533, 2192.1935598875, null ]
A-G1.042-C3 23799 [ 0, 835.7106789607, 1612.6240436868, 2615.2794199967, null ]
A-G1.042-C3 31718 [ 0, 828.4200299724, 1619.1067483161, 2599.2400452538, null ]
A-G1.042-C3 39637 [ 0, 822.4154804257, 1263.4383407175, 2025.0932098843, null ]
A-G1.042-C3 47556 [ 0, 702.4296104259, 1808.3900349276, 2680.1321068026, null ]
A-G1.042-C3 55475 [ 0, 834.5155562426, 1620.1914616263, 2700.538128135, null ]
A-G1.042-C3 63394 [ 0, 723.8077821293, 1496.161098206, 2498.4633189592, null ]
A-G1.042-C3 71313 [ 0, 827.8257778333, 1605.3500595439, 2509.7405261968, null ]
A-G1.045-C2 42 [ 0, 952.4451865709, 1601.6685329797, 2375.115250517, null ]
A-G1.045-C2 7961 [ 0, 723.9213171848, 1737.342915692, 2737.8130770175, null ]
A-G1.045-C2 15880 [ 0, 940.2956857137, 1603.8029228645, 2495.7968444629, null ]
A-G1.045-C2 23799 [ 0, 957.3285995347, 1743.6918838238, 2949.1327361874, null ]
A-G1.045-C2 31718 [ 0, 946.0397816946, 1609.266754242, 2375.0979950561, null ]
A-G1.045-C2 39637 [ 0, 827.7548932006, 1724.359249167, 2707.764634361, null ]
A-G1.045-C2 47556 [ 0, 1073.7504377669, 1622.1227667398, 2518.0252341802, null ]
A-G1.045-C2 55475 [ 0, 933.5845929847, 1712.8048714195, 2700.9905508103, null ]
A-G1.045-C2 63394 [ 0, 825.2790802196, 1606.1412318407, 2933.300028169, null ]
A-G1.045-C2 71313 [ 0, 955.1883394551, 1746.0262804147, 2772.4236870271, null ]
A-G1.045-C3 42 [ 0, 835.7422112941, 2063.9127603129, 3038.0476745869, null ]
A-G1.045-C3 7961 [ 0, 1170.1684504783, 1725.9679683271, 2606.8037443873, null ]
A-G1.045-C3 15880 [ 0, 825.7405318385, 1825.3586497226, 2701.0713780453, null ]
A-G1.045-C3 23799 [ 0, 830.4285995347, 1611.6115845179, 2614.9426925173, null ]
A-G1.045-C3 31718 [ 0, 829.2089003007, 1513.8374520422, 2491.7744460735, null ]
A-G1.045-C3 39637 [ 0, 711.9765871543, 1286.0346986341, 2162.2124422534, null ]
A-G1.045-C3 47556 [ 0, 711.4860892143, 1504.9172208765, 2615.7839854532, null ]
A-G1.045-C3 55475 [ 0, 815.9096241561, 1470.8859812537, 2459.484133621, null ]
A-G1.045-C3 63394 [ 0, 710.4669776804, 1376.9296617013, 2385.6338105798, null ]
A-G1.045-C3 71313 [ 0, 836.4178151584, 1496.2610586466, 2604.8316880545, null ]
B-G1.040-C2 42 [ 0, 722.8496115295, 1387.2084230983, 2383.8450377968, null ]
B-G1.040-C2 7961 [ 0, 726.4062665374, 1508.9690187685, 2289.1008963147, null ]
B-G1.040-C2 15880 [ 0, 1071.8030932154, 1633.652096939, 2751.149434464, null ]
B-G1.040-C2 23799 [ 0, 489.4066542503, 1300.4892762546, 2950.4574263768, null ]
B-G1.040-C2 31718 [ 0, 1072.9272893887, 1744.9018080741, 2967.440623288, null ]
B-G1.040-C2 39637 [ 0, 831.4473029828, 1737.8114508508, 2519.9629274777, null ]
B-G1.040-C2 47556 [ 0, 827.1659919075, 1273.986385211, 2299.0863763429, null ]
B-G1.040-C2 55475 [ 0, 969.1352171511, 1976.5092616343, 2869.1936867424, null ]
B-G1.040-C2 63394 [ 0, 829.559212727, 1725.0887230941, 2593.85124384, null ]
B-G1.040-C2 71313 [ 0, 719.730213199, 1841.8280039181, 2713.4095131539, null ]
B-G1.040-C3 42 [ 0, 834.0827158051, 1393.2416698445, 2179.5627156105, null ]
B-G1.040-C3 7961 [ 0, 837.804352439, 1621.3869308433, 2626.657188477, null ]
B-G1.040-C3 15880 [ 0, 1078.3496812337, 1731.0900356365, 2730.4216589421, null ]
B-G1.040-C3 23799 [ 0, 489.4066542503, 1186.4336440707, 2277.5937359069, null ]
B-G1.040-C3 31718 [ 0, 1063.3964402517, 1620.5196810157, 2601.6287042673, null ]
B-G1.040-C3 39637 [ 0, 711.3490157627, 1366.3486486148, 2347.0133839385, null ]
B-G1.040-C3 47556 [ 0, 705.7615390393, 1473.678945552, 2482.1059431778, null ]
B-G1.040-C3 55475 [ 0, 836.5487779368, 1402.2848600755, 2504.0725332871, null ]
B-G1.040-C3 63394 [ 0, 710.5295957953, 1737.6294994413, 2845.9521191389, null ]
B-G1.040-C3 71313 [ 0, 828.4385465323, 1497.860942141, 2583.7097688811, null ]
B-G1.042-C2 42 [ 0, 717.0433286666, 1387.7066229888, 2708.4833008583, null ]
B-G1.042-C2 7961 [ 0, 949.5848980934, 1732.7890099338, 2978.6542129954, null ]
B-G1.042-C2 15880 [ 0, 949.0868026965, 1957.2841052823, 3091.4085284448, null ]
B-G1.042-C2 23799 [ 0, 957.5005895408, 1762.8280785476, 2974.1211182163, null ]
B-G1.042-C2 31718 [ 0, 951.7340382818, 1501.2768920179, 2722.5188891716, null ]
B-G1.042-C2 39637 [ 0, 938.6550599226, 1504.0587473489, 2715.5933988022, null ]
B-G1.042-C2 47556 [ 0, 1047.4404572308, 1609.1008906746, 3058.0576884067, null ]
B-G1.042-C2 55475 [ 0, 954.8164125941, 1858.7801379211, 3392.0656764427, null ]
B-G1.042-C2 63394 [ 0, 605.7577821293, 1605.7826197478, 2709.2613977217, null ]
B-G1.042-C2 71313 [ 0, 950.2285206743, 1942.0114838103, 3041.6277642483, null ]
B-G1.042-C3 42 [ 0, 825.3178384705, 1589.1961047912, 2689.578342034, null ]
B-G1.042-C3 7961 [ 0, 835.0142375793, 1511.574063759, 2083.0916757429, null ]
B-G1.042-C3 15880 [ 0, 831.7360363032, 1402.0572633533, 2617.2911421511, null ]
B-G1.042-C3 23799 [ 0, 835.7106789607, 1612.6240436868, 2819.1851307505, null ]
B-G1.042-C3 31718 [ 0, 828.4200299724, 1619.1067483161, 2705.5318137814, null ]
B-G1.042-C3 39637 [ 0, 822.4154804257, 1263.4383407175, 2383.8171308743, null ]
B-G1.042-C3 47556 [ 0, 702.4296104259, 1808.3900349276, 2906.4730008586, null ]
B-G1.042-C3 55475 [ 0, 834.5155562426, 1620.1914616263, 3046.8808552061, null ]
B-G1.042-C3 63394 [ 0, 723.8077821293, 1496.161098206, 2593.1465376823, null ]
B-G1.042-C3 71313 [ 0, 827.8257778333, 1605.3500595439, 2590.5175498388, null ]
B-G1.045-C2 42 [ 0, 952.4451865709, 1601.6685329797, 3044.3720839515, null ]
B-G1.045-C2 7961 [ 0, 723.9213171848, 1737.342915692, 3336.2528521271, null ]
B-G1.045-C2 15880 [ 0, 940.2956857137, 1603.8029228645, 3051.8829749239, null ]
B-G1.045-C2 23799 [ 0, 957.3285995347, 1743.6918838238, 2846.2044071687, null ]
B-G1.045-C2 31718 [ 0, 946.0397816946, 1609.266754242, 2954.8676306422, null ]
B-G1.045-C2 39637 [ 0, 827.7548932006, 1724.359249167, 2603.4113310513, null ]
B-G1.045-C2 47556 [ 0, 1073.7504377669, 1622.1227667398, 2967.1193797999, null ]
B-G1.045-C2 55475 [ 0, 933.5845929847, 1712.8048714195, 3158.271363848, null ]
B-G1.045-C2 63394 [ 0, 825.2790802196, 1606.1412318407, 3060.4835384901, null ]
B-G1.045-C2 71313 [ 0, 955.1883394551, 1746.0262804147, 2958.7235864121, null ]
B-G1.045-C3 42 [ 0, 835.7422112941, 2063.9127603129, 3385.7487172281, null ]
B-G1.045-C3 7961 [ 0, 1170.1684504783, 1725.9679683271, 2932.6366895665, null ]
B-G1.045-C3 15880 [ 0, 825.7405318385, 1825.3586497226, 2900.6422207926, null ]
B-G1.045-C3 23799 [ 0, 830.4285995347, 1611.6115845179, 3152.3535464996, null ]
B-G1.045-C3 31718 [ 0, 829.2089003007, 1513.8374520422, 2598.9637891861, null ]
B-G1.045-C3 39637 [ 0, 711.9765871543, 1286.0346986341, 2816.6009851628, null ]
B-G1.045-C3 47556 [ 0, 711.4860892143, 1504.9172208765, 2950.9795457969, null ]
B-G1.045-C3 55475 [ 0, 815.9096241561, 1470.8859812537, 2233.8984655464, null ]
B-G1.045-C3 63394 [ 0, 710.4669776804, 1376.9296617013, 2831.2172892284, null ]
B-G1.045-C3 71313 [ 0, 836.4178151584, 1496.2610586466, 3041.5924357385, null ]
