A-G1.040-C3 79232 [ 0, 716.5224171398, 1381.4800023414, 2053.4675192308, null ]
A-G1.040-C3 87151 [ 0, 592.6777181989, 1258.9989992439, 1920.521441779, null ]
A-G1.040-C3 95070 [ 0, 584.5241761984, 1256.6932103875, 2243.5640202184, null ]
A-G1.040-C3 102989 [ 0, 917.4220870308, 1465.0204667072, 2133.2666211933, null ]
A-G1.040-C3 110908 [ 0, 825.1925459627, 1386.9211175199, 2265.9052830323, null ]
A-G1.040-C3 118827 [ 0, 712.5910038398, 1386.6139256965, 2042.4603557825, null ]
A-G1.040-C3 126746 [ 0, 714.0353490273, 1731.5815645662, 2271.6391742337, null ]
A-G1.040-C3 134665 [ 0, 825.7721410134, 1483.2078559011, 2044.9541764822, null ]
A-G1.040-C3 142584 [ 0, 1168.6086242649, 1729.2140312126, 2720.6210097524, null ]
A-G1.040-C3 150503 [ 0, 706.7038224921, 1386.2139953516, 2039.2487666206, null ]
A-G1.040-C3 158422 [ 0, 695.6991425301, 1378.5588746369, 2475.3048284988, null ]
A-G1.040-C3 166341 [ 0, 717.2357825257, 1719.7926569267, 2269.9834657502, null ]
A-G1.040-C3 174260 [ 0, 828.0742078413, 1389.5134902652, 2038.9529049047, null ]
A-G1.040-C3 182179 [ 0, 698.5157644137, 1379.9277525534, 2032.8711712723, null ]
A-G1.040-C3 190098 [ 0, 698.6934880928, 1260.4366454031, 2235.6091035479, null ]
A-G1.040-C3 198017 [ 0, 708.7218695365, 1373.5964804448, 2697.6446862704, null ]
A-G1.040-C3 205936 [ 0, 585.4772323087, 1245.1250734052, 1900.3259922553, null ]
A-G1.040-C3 213855 [ 0, 585.7692208587, 1248.4418962787, 1794.5132611765, null ]
A-G1.040-C3 221774 [ 0, 703.6081756823, 1268.0139172036, 2032.4920000731, null ]
A-G1.040-C3 229693 [ 0, 483, 1385.2188934205, 2045.4436196032, null ]
A-G1.042-C3 79232 [ 0, 818.6622369029, 1466.8110583419, 2343.182005535, null ]
A-G1.042-C3 87151 [ 0, 587.1352709782, 1253.3884228732, 1914.9691392136, null ]
A-G1.042-C3 95070 [ 0, 921.2525969415, 1486.553102268, 2461.0872695145, null ]
A-G1.042-C3 102989 [ 0, 587.2584986105, 1271.6278473961, 2249.3012037309, null ]
A-G1.042-C3 110908 [ 0, 829.832987947, 1514.4797532764, 2508.5334912862, null ]
A-G1.042-C3 118827 [ 0, 834.5070318481, 1399.6736021429, 2064.3132474546, null ]
A-G1.042-C3 126746 [ 0, 711.0401841974, 1362.4310341909, 2367.0062348761, null ]
A-G1.042-C3 134665 [ 0, 1178.9177095413, 1829.776638942, 2825.6524831627, null ]
A-G1.042-C3 142584 [ 0, 828.3512591027, 1391.3911066632, 1933.0758363146, null ]
A-G1.042-C3 150503 [ 0, 705.9407776862, 1381.1990727851, 2151.1321595535, null ]
A-G1.042-C3 158422 [ 0, 698.2294409616, 1688.1471177756, 2641.4122061685, null ]
A-G1.042-C3 166341 [ 0, 826.6345740211, 1489.9835786819, 2248.9838732631, null ]
A-G1.042-C3 174260 [ 0, 837.3520293885, 1610.1284135103, 2274.9100285983, null ]
A-G1.042-C3 182179 [ 0, 837.2957957277, 1512.6906395955, 2526.1402069963, null ]
A-G1.042-C3 190098 [ 0, 698.695729619, 1348.2709720026, 2334.2094643962, null ]
A-G1.042-C3 198017 [ 0, 721.6048650769, 1170.9196512547, 1839.4535550085, null ]
A-G1.042-C3 205936 [ 0, 584.5111315776, 1479.6737222851, 2027.0070878956, null ]
A-G1.042-C3 213855 [ 0, 587.7067212112, 1266.4773717342, 1930.5542426215, null ]
A-G1.042-C3 221774 [ 0, 713.024827305, 1384.0317659608, 2038.7967022179, null ]
A-G1.042-C3 229693 [ 0, 829.9536879193, 1403.0686607958, 2399.3409513867, null ]
A-G1.045-C3 79232 [ 0, 818.046000145, 1819.0545777185, 2695.3014097958, null ]
A-G1.045-C3 87151 [ 0, 596.7994885547, 1265.7524268231, 2254.0512542917, null ]
A-G1.045-C3 95070 [ 0, 595.672290226, 1616.8599552266, 2832.207160961, null ]
A-G1.045-C3 102989 [ 0, 586.1644644789, 1160.4016940522, 2142.259461819, null ]
A-G1.045-C3 110908 [ 0, 827.8328885002, 1487.9258053603, 2147.9702843816, null ]
A-G1.045-C3 118827 [ 0, 825.3537190042, 1829.0390991304, 2483.8213078993, null ]
A-G1.045-C3 126746 [ 0, 828.6429436232, 1623.1517083892, 2711.7572174221, null ]
A-G1.045-C3 134665 [ 0, 712.7186903795, 1721.3763109735, 2271.0584402712, null ]
A-G1.045-C3 142584 [ 0, 1172.4634058267, 1735.5501551915, 3154.8192743541, null ]
A-G1.045-C3 150503 [ 0, 705.5301330225, 1377.2803370066, 2182.3201330531, null ]
A-G1.045-C3 158422 [ 0, 717.1119230989, 1609.0661263169, 2616.9975891744, null ]
A-G1.045-C3 166341 [ 0, 835.7637755139, 1952.3656501178, 2935.5126795541, null ]
A-G1.045-C3 174260 [ 0, 829.6653041988, 1830.343789799, 2488.4523894788, null ]
A-G1.045-C3 182179 [ 0, 835.6238773628, 1630.1779681438, 2302.0827035524, null ]
A-G1.045-C3 190098 [ 0, 715.2252724812, 1379.0274942713, 2267.6503059713, null ]
A-G1.045-C3 198017 [ 0, 1179.6764239133, 1736.8037865714, 2629.0636371573, null ]
A-G1.045-C3 205936 [ 0, 583.6916584221, 1139.8392754048, 2449.2369426071, null ]
A-G1.045-C3 213855 [ 0, 587.2160268945, 1273.2196031681, 1945.9870063541, null ]
A-G1.045-C3 221774 [ 0, 1170.1583025677, 1724.0363969343, 2483.070694539, null ]
A-G1.045-C3 229693 [ 0, 816.471736317, 1475.6849058336, 2342.3106782728, null ]
