PASS quick/ACTIVATE: full State + outputs exact equal
PASS quick/WORK: full State + outputs exact equal
PASS quick/REWARD: full State + outputs exact equal
PASS quick/FOOD: full State + outputs exact equal
PASS quick/SLEEP: full State + outputs exact equal
PASS quick/ONLINE_AGE: full State + outputs exact equal
PASS quick/PROBLEM: full State + outputs exact equal
PASS quick/DISABLE: full State + outputs exact equal
PASS quick/REENABLE: full State + outputs exact equal
PASS quick/BILLING: full State + outputs exact equal
PASS quick/EXPIRY_FAILURE: full State + outputs exact equal
PASS quick/SAVE_RELOAD: full State + outputs exact equal
PASS quick/SAVE_OFFLINE: full State + outputs exact equal
PASS quick/OFFLINE_BILLING: full State + outputs exact equal
PASS quick/PRESTIGE: full State + outputs exact equal
PASS quick/BOSS: full State + outputs exact equal
PASS quick/UI: full State + outputs exact equal
PASS wound/ACTIVATE: full State + outputs exact equal
PASS wound/WORK: full State + outputs exact equal
PASS wound/REWARD: full State + outputs exact equal
PASS wound/FOOD: full State + outputs exact equal
PASS wound/SLEEP: full State + outputs exact equal
PASS wound/ONLINE_AGE: full State + outputs exact equal
PASS wound/PROBLEM: full State + outputs exact equal
PASS wound/DISABLE: full State + outputs exact equal
PASS wound/REENABLE: full State + outputs exact equal
PASS wound/BILLING: full State + outputs exact equal
PASS wound/EXPIRY_FAILURE: full State + outputs exact equal
PASS wound/SAVE_RELOAD: full State + outputs exact equal
PASS wound/SAVE_OFFLINE: full State + outputs exact equal
PASS wound/OFFLINE_BILLING: full State + outputs exact equal
PASS wound/PRESTIGE: full State + outputs exact equal
PASS wound/BOSS: full State + outputs exact equal
PASS wound/UI: full State + outputs exact equal
PASS eyes/ACTIVATE: full State + outputs exact equal
PASS eyes/WORK: full State + outputs exact equal
PASS eyes/REWARD: full State + outputs exact equal
PASS eyes/FOOD: full State + outputs exact equal
PASS eyes/SLEEP: full State + outputs exact equal
PASS eyes/ONLINE_AGE: full State + outputs exact equal
PASS eyes/PROBLEM: full State + outputs exact equal
PASS eyes/DISABLE: full State + outputs exact equal
PASS eyes/REENABLE: full State + outputs exact equal
PASS eyes/BILLING: full State + outputs exact equal
PASS eyes/EXPIRY_FAILURE: full State + outputs exact equal
PASS eyes/SAVE_RELOAD: full State + outputs exact equal
PASS eyes/SAVE_OFFLINE: full State + outputs exact equal
PASS eyes/OFFLINE_BILLING: full State + outputs exact equal
PASS eyes/PRESTIGE: full State + outputs exact equal
PASS eyes/BOSS: full State + outputs exact equal
PASS eyes/UI: full State + outputs exact equal
PASS sleep/ACTIVATE: full State + outputs exact equal
PASS sleep/WORK: full State + outputs exact equal
PASS sleep/REWARD: full State + outputs exact equal
PASS sleep/FOOD: full State + outputs exact equal
PASS sleep/SLEEP: full State + outputs exact equal
PASS sleep/ONLINE_AGE: full State + outputs exact equal
PASS sleep/PROBLEM: full State + outputs exact equal
PASS sleep/DISABLE: full State + outputs exact equal
PASS sleep/REENABLE: full State + outputs exact equal
PASS sleep/BILLING: full State + outputs exact equal
PASS sleep/EXPIRY_FAILURE: full State + outputs exact equal
PASS sleep/SAVE_RELOAD: full State + outputs exact equal
PASS sleep/SAVE_OFFLINE: full State + outputs exact equal
PASS sleep/OFFLINE_BILLING: full State + outputs exact equal
PASS sleep/PRESTIGE: full State + outputs exact equal
PASS sleep/BOSS: full State + outputs exact equal
PASS sleep/UI: full State + outputs exact equal
PASS itch/ACTIVATE: full State + outputs exact equal
PASS itch/WORK: full State + outputs exact equal
PASS itch/REWARD: full State + outputs exact equal
PASS itch/FOOD: full State + outputs exact equal
PASS itch/SLEEP: full State + outputs exact equal
PASS itch/ONLINE_AGE: full State + outputs exact equal
PASS itch/PROBLEM: full State + outputs exact equal
PASS itch/DISABLE: full State + outputs exact equal
PASS itch/REENABLE: full State + outputs exact equal
PASS itch/BILLING: full State + outputs exact equal
PASS itch/EXPIRY_FAILURE: full State + outputs exact equal
PASS itch/SAVE_RELOAD: full State + outputs exact equal
PASS itch/SAVE_OFFLINE: full State + outputs exact equal
PASS itch/OFFLINE_BILLING: full State + outputs exact equal
PASS itch/PRESTIGE: full State + outputs exact equal
PASS itch/BOSS: full State + outputs exact equal
PASS itch/UI: full State + outputs exact equal
PASS agecare/ACTIVATE: full State + outputs exact equal
PASS agecare/WORK: full State + outputs exact equal
PASS agecare/REWARD: full State + outputs exact equal
PASS agecare/FOOD: full State + outputs exact equal
PASS agecare/SLEEP: full State + outputs exact equal
PASS agecare/ONLINE_AGE: full State + outputs exact equal
PASS agecare/PROBLEM: full State + outputs exact equal
PASS agecare/DISABLE: full State + outputs exact equal
PASS agecare/REENABLE: full State + outputs exact equal
PASS agecare/BILLING: full State + outputs exact equal
PASS agecare/EXPIRY_FAILURE: full State + outputs exact equal
PASS agecare/SAVE_RELOAD: full State + outputs exact equal
PASS agecare/SAVE_OFFLINE: full State + outputs exact equal
PASS agecare/OFFLINE_BILLING: full State + outputs exact equal
PASS agecare/PRESTIGE: full State + outputs exact equal
PASS agecare/BOSS: full State + outputs exact equal
PASS agecare/UI: full State + outputs exact equal
PASS care/ACTIVATE: full State + outputs exact equal
PASS care/WORK: full State + outputs exact equal
PASS care/REWARD: full State + outputs exact equal
PASS care/FOOD: full State + outputs exact equal
PASS care/SLEEP: full State + outputs exact equal
PASS care/ONLINE_AGE: full State + outputs exact equal
PASS care/PROBLEM: full State + outputs exact equal
PASS care/DISABLE: full State + outputs exact equal
PASS care/REENABLE: full State + outputs exact equal
PASS care/BILLING: full State + outputs exact equal
PASS care/EXPIRY_FAILURE: full State + outputs exact equal
PASS care/SAVE_RELOAD: full State + outputs exact equal
PASS care/SAVE_OFFLINE: full State + outputs exact equal
PASS care/OFFLINE_BILLING: full State + outputs exact equal
PASS care/PRESTIGE: full State + outputs exact equal
PASS care/BOSS: full State + outputs exact equal
PASS care/UI: full State + outputs exact equal
119/119 exact behavior fixtures PASS
