
> auto-worker@2.0.0 test:browser
> playwright test

[WebServer] (node:16860) Warning: The 'NO_COLOR' env is ignored due to the 'FORCE_COLOR' env being set.
[WebServer] (Use `node --trace-warnings ...` to show where the warning was created)
[WebServer] (node:19768) Warning: The 'NO_COLOR' env is ignored due to the 'FORCE_COLOR' env being set.
[WebServer] (Use `node --trace-warnings ...` to show where the warning was created)
[WebServer] (node:22960) Warning: The 'NO_COLOR' env is ignored due to the 'FORCE_COLOR' env being set.
[WebServer] (Use `node --trace-warnings ...` to show where the warning was created)

Running 31 tests using 1 worker

(node:27080) Warning: The 'NO_COLOR' env is ignored due to the 'FORCE_COLOR' env being set.
(Use `node --trace-warnings ...` to show where the warning was created)
  x   1 tests\browser\age-promotion.spec.ts:7:1 › promotion UI counts queued current and suspended overdue with clear lock reason (7.2s)
(node:31100) Warning: The 'NO_COLOR' env is ignored due to the 'FORCE_COLOR' env being set.
(Use `node --trace-warnings ...` to show where the warning was created)
  ok  2 tests\browser\age-promotion.spec.ts:12:1 › age product UI shows live compensation and disables it without removing workload pressure (1.9s)
  ok  3 tests\browser\boss-notifications.spec.ts:5:1 › boss result immediately replaces an old toast despite full notification queue (1.2s)
  ok  4 tests\browser\corrections.spec.ts:7:1 › offline summary dismisses without blocking and remains in History after reload (1.4s)
  x   5 tests\browser\corrections.spec.ts:12:1 › late breakfast is missed and Todo list shows zero reward rework source (5.7s)
(node:27348) Warning: The 'NO_COLOR' env is ignored due to the 'FORCE_COLOR' env being set.
(Use `node --trace-warnings ...` to show where the warning was created)
  x   6 tests\browser\deadline.spec.ts:6:1 › deadline counts and live work labels fit mobile, history shows original and discounted reward (5.9s)
(node:24804) Warning: The 'NO_COLOR' env is ignored due to the 'FORCE_COLOR' env being set.
(Use `node --trace-warnings ...` to show where the warning was created)
  ok  7 tests\browser\deadline.spec.ts:17:1 › deadline debug tools create all three deadline states (1.7s)
  ok  8 tests\browser\deadline.spec.ts:19:1 › profile override shows no deadline on current work and game days on queued project (1.0s)
  x   9 tests\browser\deadline.spec.ts:26:1 › sleep midnight preserves due today then work-start wakes and selects overdue work (6.9s)
(node:20560) Warning: The 'NO_COLOR' env is ignored due to the 'FORCE_COLOR' env being set.
(Use `node --trace-warnings ...` to show where the warning was created)
  ok 10 tests\browser\game.spec.ts:4:1 › V2 subscriptions, permanent upgrades, debug offline32days, prestige and reload (6.3s)
  ok 11 tests\browser\game.spec.ts:17:1 › legacy save shows V2 reset notice and saves new core (874ms)
  ok 12 tests\browser\meeting.spec.ts:7:1 › Meeting central card shows fixed world duration, resumes Work and reloads without repeated pay (1.7s)
  ok 13 tests\browser\prestige-active.spec.ts:4:1 › 10x world speed cannot unlock prestige before actual30min; reload and reset preserve timer rules (1.6s)
  x  14 tests\browser\product-framework.spec.ts:10:1 › Config-only synthetic A/B UI, additive old Save, activation/effect/cycle/expiry and reload (1.4s)
(node:24108) Warning: The 'NO_COLOR' env is ignored due to the 'FORCE_COLOR' env being set.
(Use `node --trace-warnings ...` to show where the warning was created)
  x  15 tests\browser\product-framework.spec.ts:20:1 › existing product UI disable/re-enable retains paid expiry and current Work progress (1.8s)
(node:33396) Warning: The 'NO_COLOR' env is ignored due to the 'FORCE_COLOR' env being set.
(Use `node --trace-warnings ...` to show where the warning was created)
  ok 16 tests\browser\progression.spec.ts:10:1 › high level UI shows severity branches escape value and raw life management (1.6s)
  x  17 tests\browser\progression.spec.ts:17:1 › boss dinner precedes single mandatory overtime and survives workStart with zero sleep (6.0s)
(node:13624) Warning: The 'NO_COLOR' env is ignored due to the 'FORCE_COLOR' env being set.
(Use `node --trace-warnings ...` to show where the warning was created)
  ok 18 tests\browser\progression.spec.ts:22:1 › permanent formula level10 can buy and reload level11 (1.9s)
  ok 19 tests\browser\promotion-v1.spec.ts:9:1 › qualification and low profile show base stats; mobile no overflow (1.2s)
  ok 20 tests\browser\promotion-v1.spec.ts:10:1 › morning assignment skips lunch; deadline fails into Dinner then same overtime; reload preserves (13.5s)
  x  21 tests\browser\promotion-v1.spec.ts:11:1 › high ability first assignment succeeds; sleep displays60x and resumes normal after workstart (12.4s)
(node:10568) Warning: The 'NO_COLOR' env is ignored due to the 'FORCE_COLOR' env being set.
(Use `node --trace-warnings ...` to show where the warning was created)
  ok 22 tests\browser\rank-content.spec.ts:4:1 › Debug Rank content lists effective work and project weights on mobile (1.8s)
  ok 23 tests\browser\targets.spec.ts:13:3 › V2 normal target preserves mobile shell and shows correct activity (839ms)
  ok 24 tests\browser\targets.spec.ts:13:3 › V2 rework target preserves mobile shell and shows correct activity (1.0s)
  ok 25 tests\browser\targets.spec.ts:13:3 › V2 large target preserves mobile shell and shows correct activity (1.0s)
  ok 26 tests\browser\targets.spec.ts:13:3 › V2 food target preserves mobile shell and shows correct activity (1.0s)
  ok 27 tests\browser\targets.spec.ts:13:3 › V2 lunch target preserves mobile shell and shows correct activity (1.0s)
  ok 28 tests\browser\targets.spec.ts:13:3 › V2 problem target preserves mobile shell and shows correct activity (891ms)
  ok 29 tests\browser\targets.spec.ts:13:3 › V2 sleep target preserves mobile shell and shows correct activity (933ms)
  ok 30 tests\browser\targets.spec.ts:13:3 › V2 entertainment target preserves mobile shell and shows correct activity (1.0s)
  x  31 tests\browser\targets.spec.ts:27:1 › world boundary preserves sleep until fixed workStart (6.2s)


  1) tests\browser\age-promotion.spec.ts:7:1 › promotion UI counts queued current and suspended overdue with clear lock reason 

    Error: expect(locator).toContainText(expected) failed

    Locator: locator('.promotion-card')
    Expected substring: "已逾期工作：4 / 最多 3"
    Received string:    "PROMOTION ASSIGNMENT下一階段：一般員工考核狀態：尚未符合穩定效率 10 / 需求 20 · 穩定品質 6 / 需求 12資格判定效率 10 · 品質 6需要資金：$10,000 / $220已逾期工作：0 / 最多 3每次上班評估並立即考核；下班前完成且交易條件仍符合才扣款升職。 低調摸魚僅將升職資格效率／品質乘以 0.8，不影響實際工作；下次上班生效，已安排考核不會取消。"
    Timeout: 5000ms

    Call log:
      - Expect "toContainText" locator('.promotion-card') with timeout 5000ms
      - waiting for locator('.promotion-card')
        14 × locator resolved to <section class="promotion-card">…</section>
           - unexpected value "PROMOTION ASSIGNMENT下一階段：一般員工考核狀態：尚未符合穩定效率 10 / 需求 20 · 穩定品質 6 / 需求 12資格判定效率 10 · 品質 6需要資金：$10,000 / $220已逾期工作：0 / 最多 3每次上班評估並立即考核；下班前完成且交易條件仍符合才扣款升職。 低調摸魚僅將升職資格效率／品質乘以 0.8，不影響實際工作；下次上班生效，已安排考核不會取消。"


       8 |  await page.setViewportSize({width:390,height:844});const s=initialState(42);s.player.money=10000;s.world.totalWorldTime=8;s.world.timeOfDay=8;s.world.nextEventAt=1e8;s.needs.phase='MORNING';s.needs.satietyUntil=1e8;s.needs.projectRollProcessedRoutineId=0;
       9 |  const work=()=>{const t=createTodo(s,c.work.templates[0]);t.assignmentWorkdayIndex=-1;t.deadlineWorkdays=0;t.dueWorkdayIndex=-1;return t;};s.todoQueue=Array.from({length:4},work);startWork(s,s.todoQueue.shift()!);interruptWithFood(s);await seed(page,s);
    > 10 |  await page.getByRole('navigation').getByRole('button',{name:'升級'}).click();const card=page.locator('.promotion-card');await expect(card).toContainText('已逾期工作：4 / 最多 3');await expect(card).toContainText('目前仍有過多逾期工作');await expect(card.getByRole('button',{name:/升職/})).toHaveCount(0);await expect(page.getByLabel('待辦數量')).toContainText('已逾期 3');expect(await page.evaluate(()=>document.documentElement.scrollWidth<=innerWidth)).toBeTruthy();await page.screenshot({path:'tests/artifacts/age-promotion-lock.png'});
         |                                                                                                                                           ^
      11 | });
      12 | test('age product UI shows live compensation and disables it without removing workload pressure',async({page})=>{
      13 |  await page.setViewportSize({width:390,height:844});const s=initialState(42);s.player.money=10000;s.player.age=50;s.player.ageProgressDays=28*c.age.daysPerYear;await seed(page,s);await page.getByRole('navigation').getByRole('button',{name:'產品'}).click();const card=page.getByRole('region',{name:'時光緩衝組'});await expect(card).toContainText('人生工作負擔 ×1.45');await expect(card).toContainText('目前產品效率補償 +0%');await expect(card).toContainText('離線年齡進度 ×0.50');await card.getByRole('button',{name:/啟用/}).click();await expect(card).toContainText('目前產品效率補償 +22.5%');await card.getByRole('button',{name:'停用',exact:true}).click();await expect(card).toContainText('目前產品效率補償 +0%');await expect(card).toContainText('人生工作負擔 ×1.45');expect(await page.evaluate(()=>document.documentElement.scrollWidth<=innerWidth)).toBeTruthy();await card.screenshot({path:'tests/artifacts/age-product-effects.png'});
        at D:\Desktop\012s小遊戲\games\auto-worker\tests\browser\age-promotion.spec.ts:10:139

    Error Context: test-results\age-promotion-promotion-UI-9a57b-rdue-with-clear-lock-reason\error-context.md

  2) tests\browser\corrections.spec.ts:12:1 › late breakfast is missed and Todo list shows zero reward rework source 

    Error: expect(locator).not.toContainText(expected) failed

    Locator: getByRole('region', { name: '中央目標' })
    Expected substring: not "早餐食物怪"
    Received string: "🍚早餐食物怪自動處理中普通便當打工人◡ ◡ ◡進食需求1.5 / 120目前處理速度30 需求量 / 秒↗完成用餐，繼續作息自動使用預設食物，產品無效或餘額不足改用普通餐點。"
    Timeout: 5000ms

    Call log:
      - Expect "not toContainText" getByRole('region', { name: '中央目標' }) with timeout 5000ms
      - waiting for getByRole('region', { name: '中央目標' })
        13 × locator resolved to <section data-kind="food" aria-label="中央目標" data-target-key="0:food-5" class="target-card target-food">…</section>
           - unexpected value "🍚早餐食物怪自動處理中普通便當打工人◡ ◡ ◡進食需求1.5 / 120目前處理速度30 需求量 / 秒↗完成用餐，繼續作息自動使用預設食物，產品無效或餘額不足改用普通餐點。"


      13 |  await page.clock.install({time:new Date('2026-10-05T00:00:00Z')});await page.clock.pauseAt(new Date('2026-10-05T00:00:01Z'));
      14 |  const s=initialState(42);s.world.totalWorldTime=9;s.world.timeOfDay=9;s.world.nextEventAt=10000;const root=createTodo(s,c.work.templates[0]);createFollowUp(s,root,'MISSING_INFO',2,0);
    > 15 |  await page.addInitScript(({key,value})=>{value.offline.lastSeenAt=Date.now();localStorage.setItem(key,JSON.stringify(value));},{key:c.save.key,value:s});await page.goto('/');await page.clock.runFor(50);await expect(page.getByRole('region',{name:'中央目標'})).not.toContainText('早餐食物怪');await page.getByRole('navigation').getByRole('button',{name:'紀錄'}).click();await expect(page.getByText('早餐時間已經過了。',{exact:true}).last()).toBeVisible();await page.getByText(/待辦 .*延遲後續/).click();await expect(page.locator('.history-details')).toContainText('返工');await expect(page.locator('.history-details')).toContainText('$0');await expect(page.locator('.history-details')).toContainText('來源：回 Email');
         |                                                                                                                                                                                                                                                                     ^
      16 | });
      17 |
        at D:\Desktop\012s小遊戲\games\auto-worker\tests\browser\corrections.spec.ts:15:261

    Error Context: test-results\corrections-late-breakfast-dceb5-s-zero-reward-rework-source\error-context.md

  3) tests\browser\deadline.spec.ts:6:1 › deadline counts and live work labels fit mobile, history shows original and discounted reward 

    Error: expect(locator).toContainText(expected) failed

    Locator: getByLabel('待辦數量')
    Expected substring: "今日到期 4"
    Received string:    "待辦工作14今日到期 2已逾期 0"
    Timeout: 5000ms

    Call log:
      - Expect "toContainText" getByLabel('待辦數量') with timeout 5000ms
      - waiting for getByLabel('待辦數量')
        14 × locator resolved to <div aria-label="待辦數量" class="wallet-todo">…</div>
           - unexpected value "待辦工作14今日到期 2已逾期 0"


      10 |  s.todoQueue=[...Array.from({length:8},()=>task(2)),...Array.from({length:4},()=>task(0)),...Array.from({length:2},()=>task(-1))];startWork(s,task(-1));
      11 |  await page.addInitScript(({key,value})=>{value.offline.lastSeenAt=Date.now();localStorage.setItem(key,JSON.stringify(value));},{key:c.save.key,value:s});await page.goto('/');
    > 12 |  const counts=page.getByLabel('待辦數量');await expect(counts).toContainText('14');await expect(counts).toContainText('今日到期 4');await expect(counts).toContainText('已逾期 2');await expect(page.getByRole('region',{name:'中央目標'})).toContainText('已逾期');
         |                                                                                                     ^
      13 |  const card=await page.getByRole('region',{name:'中央目標'}).boundingBox(),nav=await page.getByRole('navigation').boundingBox();expect(card!.y+card!.height).toBeLessThanOrEqual(nav!.y);
      14 |  const fits=await page.evaluate(()=>document.documentElement.scrollWidth<=innerWidth);expect(fits).toBeTruthy();await page.screenshot({path:'tests/artifacts/deadline-mobile.png'});
      15 |  await page.getByRole('navigation').getByRole('button',{name:'紀錄'}).click();await page.locator('.history-details summary').click();await expect(page.locator('.history-details')).toContainText('原 $100 → 實收 $70');await expect(page.locator('.history-details')).toContainText('已逾期');
        at D:\Desktop\012s小遊戲\games\auto-worker\tests\browser\deadline.spec.ts:12:101

    Error Context: test-results\deadline-deadline-counts-a-c3997-ginal-and-discounted-reward\error-context.md

  4) tests\browser\deadline.spec.ts:26:1 › sleep midnight preserves due today then work-start wakes and selects overdue work 

    Error: expect(locator).toHaveAttribute(expected) failed

    Locator:  getByRole('region', { name: '中央目標' })
    Expected: "food"
    Received: "normal"
    Timeout:  5000ms

    Call log:
      - Expect "toHaveAttribute" getByRole('region', { name: '中央目標' }) with timeout 5000ms
      - waiting for getByRole('region', { name: '中央目標' })
        14 × locator resolved to <section aria-label="中央目標" data-kind="normal" data-target-key="0:work-11" class="target-card target-normal">…</section>
           - unexpected value "normal"


      27 |  await page.clock.install({time:new Date('2026-10-05T00:00:00Z')});await page.clock.pauseAt(new Date('2026-10-05T00:00:01Z'));
      28 |  const s=initialState(42);s.world.totalWorldTime=59;s.world.timeOfDay=59;s.world.nextEventAt=1e8;s.needs.satietyUntil=1e8;s.needs.phase='SLEEP';s.currentTarget={id:'sleep',type:'SLEEP',name:'睡眠需求怪',requirement:20,progress:0,createdAt:59};const t=createTodo(s,{...c.work.templates[0],deadlineWorkdays:0});t.assignmentWorkdayIndex=0;t.dueWorkdayIndex=0;s.todoQueue=[t];
    > 29 |  await page.addInitScript(({key,value})=>{value.offline.lastSeenAt=Date.now();localStorage.setItem(key,JSON.stringify(value));},{key:c.save.key,value:s});await page.goto('/');await page.clock.runFor(1000);await expect(page.getByLabel('待辦數量')).toContainText('今日到期 1');await expect(page.getByLabel('待辦數量')).toContainText('已逾期 0');await page.clock.runFor(9000);await expect(page.getByLabel('待辦數量')).toContainText('今日到期 0');await expect(page.getByRole('region',{name:'中央目標'})).not.toHaveAttribute('data-kind','sleep');await expect(page.getByRole('region',{name:'中央目標'})).toHaveAttribute('data-kind','food');await page.clock.runFor(5000);await expect(page.getByRole('region',{name:'中央目標'})).toContainText('已逾期');
         |                                                                                                                                                                                                                                                                                                                                                                                                                                                                                                                                                                                        ^
      30 | });
      31 |
        at D:\Desktop\012s小遊戲\games\auto-worker\tests\browser\deadline.spec.ts:29:568

    Error Context: test-results\deadline-sleep-midnight-pr-e2a8b-es-and-selects-overdue-work\error-context.md

  5) tests\browser\product-framework.spec.ts:10:1 › Config-only synthetic A/B UI, additive old Save, activation/effect/cycle/expiry and reload 

    Error: expect(received).toBeCloseTo(expected)

    Expected: 22.25
    Received: 11.125

    Expected precision:    2
    Expected difference: < 0.005
    Received difference:   11.125

      14 |  await seed(page,s);await page.getByRole('navigation').getByRole('button',{name:'產品'}).click();
      15 |  const a=page.getByRole('region',{name:TEST_PRODUCT_A.name,exact:true}),b=page.getByRole('region',{name:TEST_PRODUCT_B.name,exact:true});await expect(a).toBeVisible();await expect(b).toContainText('$23／2 遊戲日');await a.getByRole('button',{name:'啟用 $17',exact:true}).click();await b.getByRole('button',{name:'啟用 $23',exact:true}).click();
    > 16 |  const active=await page.evaluate(key=>JSON.parse(localStorage.getItem(key)!),c.save.key);expect(active.products.TEST_PRODUCT_A.active).toBe(true);expect(active.products.TEST_PRODUCT_B.active).toBe(true);expect(active.player.money).toBe(0);expect(active.stats.workSpeed).toBeCloseTo(22.25);await expect(a).toContainText('有效中');await expect(b).toContainText('目前產品效率補償 +11.2%');expect(await page.evaluate(()=>document.documentElement.scrollWidth<=innerWidth)).toBeTruthy();await page.screenshot({path:'tests/artifacts/product-framework-synthetic.png'});
         |                                                                                                                                                                                                                                                                                ^
      17 |  await page.reload();await page.getByRole('navigation').getByRole('button',{name:'產品'}).click();await expect(a).toContainText('有效中');const saved=await page.evaluate(key=>JSON.parse(localStorage.getItem(key)!),c.save.key);expect(saved.products.TEST_PRODUCT_B.nextBillingWorldTime).toBe(active.products.TEST_PRODUCT_B.nextBillingWorldTime);expect(saved.products.TEST_PRODUCT_A.contributionStats.billingSpent).toBe(17);
      18 |  await page.clock.runFor(121000);await expect(a).toContainText('已停用');await expect(b).toContainText('已停用');await page.clock.runFor(3100);const expired=await page.evaluate(key=>JSON.parse(localStorage.getItem(key)!),c.save.key);expect(expired.currentTarget.type).toBe('WORK');expect(expired.currentTarget.progress).toBeGreaterThan(active.currentTarget.progress);expect(expired.products.TEST_PRODUCT_A.active).toBe(false);expect(expired.products.TEST_PRODUCT_B.active).toBe(false);expect(expired.stats.workSpeed).toBeCloseTo(14); // zero-sleep modifier retained; product bonus gone.
      19 | });
        at D:\Desktop\012s小遊戲\games\auto-worker\tests\browser\product-framework.spec.ts:16:272

    Error Context: test-results\product-framework-Config-o-ed0c2-ect-cycle-expiry-and-reload\error-context.md

  6) tests\browser\product-framework.spec.ts:20:1 › existing product UI disable/re-enable retains paid expiry and current Work progress 

    Error: expect(received).toBe(expected) // Object.is equality

    Expected: 20
    Received: 10

      18 |  await page.clock.runFor(121000);await expect(a).toContainText('已停用');await expect(b).toContainText('已停用');await page.clock.runFor(3100);const expired=await page.evaluate(key=>JSON.parse(localStorage.getItem(key)!),c.save.key);expect(expired.currentTarget.type).toBe('WORK');expect(expired.currentTarget.progress).toBeGreaterThan(active.currentTarget.progress);expect(expired.products.TEST_PRODUCT_A.active).toBe(false);expect(expired.products.TEST_PRODUCT_B.active).toBe(false);expect(expired.stats.workSpeed).toBeCloseTo(14); // zero-sleep modifier retained; product bonus gone.
      19 | });
    > 20 | test('existing product UI disable/re-enable retains paid expiry and current Work progress',async({page})=>{const s=initialState(42);s.player.money=1000;s.player.age=50;s.player.ageProgressDays=28*c.age.daysPerYear;s.world.totalWorldTime=8;syncWorld(s);s.world.nextEventAt=1e9;s.meetings.lastScheduledWorkday=0;s.promotion.lastCheckedWorkday=0;s.needs.phase='MORNING';s.needs.projectRollProcessedRoutineId=0;s.needs.satietyUntil=1e9;startWork(s,createTodo(s,{...c.work.templates[0],workload:1e9}));await seed(page,s);await page.getByRole('navigation').getByRole('button',{name:'產品'}).click();const card=page.getByRole('region',{name:'時光緩衝組',exact:true});await card.getByRole('button',{name:'啟用 $120',exact:true}).click();await page.clock.runFor(1000);const before=await page.evaluate(key=>JSON.parse(localStorage.getItem(key)!),c.save.key);await card.getByRole('button',{name:'停用',exact:true}).click();const off=await page.evaluate(key=>JSON.parse(localStorage.getItem(key)!),c.save.key);expect(off.currentTarget.progress).toBeGreaterThanOrEqual(before.currentTarget.progress);expect(off.stats.workSpeed).toBe(20);await card.getByRole('button',{name:'恢復啟用',exact:true}).click();const on=await page.evaluate(key=>JSON.parse(localStorage.getItem(key)!),c.save.key);expect(on.player.money).toBe(before.player.money);expect(on.products.agecare.nextBillingWorldTime).toBe(before.products.agecare.nextBillingWorldTime);expect(on.stats.workSpeed).toBeCloseTo(24.5);expect(on.currentTarget.progress).toBe(off.currentTarget.progress);});
         |                                                                                                                                                                                                                                                                                                                                                                                                                                                                                                                                                                                                                                                                                                                                                                                                                                                                                                                                                                                                                                                                                                                                                 ^
      21 |
        at D:\Desktop\012s小遊戲\games\auto-worker\tests\browser\product-framework.spec.ts:20:1105

    Error Context: test-results\product-framework-existing-aaf26-y-and-current-Work-progress\error-context.md

  7) tests\browser\progression.spec.ts:17:1 › boss dinner precedes single mandatory overtime and survives workStart with zero sleep 

    Error: expect(locator).toContainText(expected) failed

    Locator: getByRole('region', { name: '中央目標' })
    Expected substring: "晚餐食物怪"
    Received string:    "🍚工作補給自動處理中普通便當打工人◡ ◡ ◡進食需求1.5 / 120目前處理速度30 需求量 / 秒↗完成用餐，繼續作息自動使用預設食物，產品無效或餘額不足改用普通餐點。"
    Timeout: 5000ms

    Call log:
      - Expect "toContainText" getByRole('region', { name: '中央目標' }) with timeout 5000ms
      - waiting for getByRole('region', { name: '中央目標' })
        14 × locator resolved to <section data-kind="food" aria-label="中央目標" data-target-key="0:food-9" class="target-card target-food">…</section>
           - unexpected value "🍚工作補給自動處理中普通便當打工人◡ ◡ ◡進食需求1.5 / 120目前處理速度30 需求量 / 秒↗完成用餐，繼續作息自動使用預設食物，產品無效或餘額不足改用普通餐點。"


      17 | test('boss dinner precedes single mandatory overtime and survives workStart with zero sleep',async({page})=>{
      18 |  const s=initialState(42);s.world.totalWorldTime=40;s.world.timeOfDay=40;s.world.nextEventAt=1e9;s.needs.phase='AFTERNOON';s.player.upgrades.flattery=115;resolveBoss(s,true,false);s.todoQueue[0].workload=10000;
    > 19 |  await seed(page,s);const target=page.getByRole('region',{name:'中央目標'});await expect(target).toContainText('晚餐食物怪');await page.clock.runFor(4000);await expect(target).toContainText('老闆急件 ×');await page.clock.runFor(25000);await expect(target).toContainText('老闆急件 ×');
         |                                                                                              ^
      20 |  await expect(page.getByLabel('目前狀態')).toContainText('效率 -30.0%');const saved=await page.evaluate(key=>JSON.parse(localStorage.getItem(key)!),c.save.key);expect(saved.needs.sleep.lastRatio).toBe(0);expect(saved.currentTarget.todo.id).toBe(s.todoQueue[0].id);
      21 | });
      22 | test('permanent formula level10 can buy and reload level11',async({page})=>{
        at D:\Desktop\012s小遊戲\games\auto-worker\tests\browser\progression.spec.ts:19:94

    Error Context: test-results\progression-boss-dinner-pr-f3570-s-workStart-with-zero-sleep\error-context.md

  8) tests\browser\promotion-v1.spec.ts:11:1 › high ability first assignment succeeds; sleep displays60x and resumes normal after workstart 

    Error: expect(locator).toContainText(expected) failed

    Locator: getByRole('region', { name: '中央目標' })
    Expected substring: "睡眠中 ×60"
    Received string:    "🔁低收益返工自動處理中修正錯誤 · 回 Email打工人🔁工作量33 / 68.3目前處理速度40 工作量 / 秒↗完成 +$2正常・明天到期 · 品質要求 12"
    Timeout: 5000ms

    Call log:
      - Expect "toContainText" getByRole('region', { name: '中央目標' }) with timeout 5000ms
      - waiting for getByRole('region', { name: '中央目標' })
        13 × locator resolved to <section aria-label="中央目標" data-kind="rework" data-target-key="0:work-13" class="target-card target-rework">…</section>
           - unexpected value "🔁低收益返工自動處理中修正錯誤 · 回 Email打工人🔁工作量33 / 68.3目前處理速度40 工作量 / 秒↗完成 +$2正常・明天到期 · 品質要求 12"


       9 | test('qualification and low profile show base stats; mobile no overflow',async({page})=>{const s=ready();s.player.upgrades.efficiency=40;s.player.upgrades.quality=30;s.promotion.lastCheckedWorkday=0;await seed(page,s);await page.getByRole('navigation').getByRole('button',{name:'升級'}).click();const card=page.locator('.promotion-card');await expect(card).toContainText('穩定效率 50');await card.getByRole('checkbox',{name:'低調摸魚'}).check();await expect(card).toContainText('資格判定效率 40');await expect(card).toContainText('不影響實際工作');expect(await page.evaluate(()=>document.documentElement.scrollWidth<=innerWidth)).toBeTruthy();await page.reload();await page.getByRole('navigation').getByRole('button',{name:'升級'}).click();await expect(page.getByRole('checkbox',{name:'低調摸魚'})).toBeChecked();});
      10 | test('morning assignment skips lunch; deadline fails into Dinner then same overtime; reload preserves',async({page})=>{const s=ready();checkPromotionWorkStart(s);const id=s.currentTarget!.id;await seed(page,s);const card=page.getByRole('region',{name:'中央目標'});await expect(card).toHaveAttribute('data-kind','promotion');await expect(card).toContainText('下班／晚餐錨點');await page.clock.runFor(65000);await expect(card).toHaveAttribute('data-kind','promotion');await page.reload();await expect(card).toHaveAttribute('data-kind','promotion');await page.clock.runFor(31000);await expect(card).toContainText('晚餐食物怪');await page.clock.runFor(4100);await expect(card).toHaveAttribute('data-kind','promotion');await expect(card).toContainText('考核已失敗');await expect(card).toHaveAttribute('data-target-key',`0:${id}`);await page.clock.runFor(20000);const done=await page.evaluate(key=>JSON.parse(localStorage.getItem(key)!),c.save.key);expect(done.career.rank).toBe(0);expect(done.promotion.status).toBe('COOLDOWN');});
    > 11 | test('high ability first assignment succeeds; sleep displays60x and resumes normal after workstart',async({page})=>{const s=ready(2);checkPromotionWorkStart(s);await seed(page,s);await page.clock.runFor(61000);let saved=await page.evaluate(key=>JSON.parse(localStorage.getItem(key)!),c.save.key);expect(saved.career.rank).toBe(1);const sleeping=initialState(42);sleeping.world.totalWorldTime=150;syncWorld(sleeping);sleeping.world.nextEventAt=1e9;sleeping.needs.phase='SLEEP';sleeping.currentTarget={id:'sleep',type:'SLEEP',name:'Sleep',createdAt:150,requirement:54,progress:0};await page.evaluate(({key,s})=>{s.offline.lastSeenAt=Date.now();localStorage.setItem(key,JSON.stringify(s));},{key:c.save.key,s:sleeping});await page.reload();await expect(page.getByRole('region',{name:'中央目標'})).toContainText('睡眠中 ×60');await page.clock.runFor(1000);await expect(page.getByRole('region',{name:'中央目標'})).toContainText('早餐食物怪');await page.clock.runFor(3100);saved=await page.evaluate(key=>JSON.parse(localStorage.getItem(key)!),c.save.key);expect(saved.world.totalWorldTime).toBeGreaterThanOrEqual(204);expect(saved.world.totalWorldTime).toBeLessThan(210);expect(saved.needs.sleep.lastRatio).toBe(1);});
         |                                                                                                                                                                                                                                                                                                                                                                                                                                                                                                                                                                                                                                                                                                                                                                                                                       ^
      12 |
        at D:\Desktop\012s小遊戲\games\auto-worker\tests\browser\promotion-v1.spec.ts:11:791

    Error Context: test-results\promotion-v1-high-ability--83c97-umes-normal-after-workstart\error-context.md

  9) tests\browser\targets.spec.ts:27:1 › world boundary preserves sleep until fixed workStart ─────

    Error: expect(locator).toBeVisible() failed

    Locator: getByText('世界 DAY 02', { exact: true })
    Expected: visible
    Timeout: 5000ms
    Error: element(s) not found

    Call log:
      - Expect "toBeVisible" getByText('世界 DAY 02', { exact: true }) with timeout 5000ms
      - waiting for getByText('世界 DAY 02', { exact: true })


      25 |   });
      26 | }
    > 27 | test('world boundary preserves sleep until fixed workStart',async({page})=>{await page.clock.install({time:new Date('2026-10-05T00:00:00Z')});await page.clock.pauseAt(new Date('2026-10-05T00:00:01Z'));const s=initialState(5);s.world.totalWorldTime=59;s.world.timeOfDay=59;s.world.nextEventAt=10000;s.needs.phase='SLEEP';s.currentTarget={id:'sleep-test',type:'SLEEP',name:'睡眠需求怪',requirement:4,progress:0,createdAt:59};await seed(page,s);const target=page.getByRole('region',{name:'中央目標'});await page.clock.runFor(1000);await expect(page.getByText('世界 DAY 02',{exact:true})).toBeVisible();await expect(target).toHaveAttribute('data-kind','sleep');await page.clock.runFor(3000);await expect(target).toHaveAttribute('data-kind','sleep');await expect(page.getByLabel('世界時鐘')).toContainText('3 / 60s');await page.clock.runFor(5000);await expect(target).not.toHaveAttribute('data-kind','sleep');});
         |                                                                                                                                                                                                                                                                                                                                                                                                                                                                                                                                                                                               ^
      28 |
        at D:\Desktop\012s小遊戲\games\auto-worker\tests\browser\targets.spec.ts:27:575

    Error Context: test-results\targets-world-boundary-preserves-sleep-until-fixed-workStart\error-context.md

  9 failed
    tests\browser\age-promotion.spec.ts:7:1 › promotion UI counts queued current and suspended overdue with clear lock reason 
    tests\browser\corrections.spec.ts:12:1 › late breakfast is missed and Todo list shows zero reward rework source 
    tests\browser\deadline.spec.ts:6:1 › deadline counts and live work labels fit mobile, history shows original and discounted reward 
    tests\browser\deadline.spec.ts:26:1 › sleep midnight preserves due today then work-start wakes and selects overdue work 
    tests\browser\product-framework.spec.ts:10:1 › Config-only synthetic A/B UI, additive old Save, activation/effect/cycle/expiry and reload 
    tests\browser\product-framework.spec.ts:20:1 › existing product UI disable/re-enable retains paid expiry and current Work progress 
    tests\browser\progression.spec.ts:17:1 › boss dinner precedes single mandatory overtime and survives workStart with zero sleep 
    tests\browser\promotion-v1.spec.ts:11:1 › high ability first assignment succeeds; sleep displays60x and resumes normal after workstart 
    tests\browser\targets.spec.ts:27:1 › world boundary preserves sleep until fixed workStart ──────
  22 passed (2.0m)
